PASS __test__/products.test.js
  GET
    ✓ /products => should return all products (22 ms)
    ✓ /products/:id => should return a product by ID (4 ms)
    ✓ /products/:id => should return rescode 404 if not found (2 ms)
  POST
    ✓ /products => should add a new products (9 ms)
  PUT
    ✓ products/:id => should update an existing product (5 ms)
    ✓ should return 404 if product not found (1 ms)
  DELETE
    ✓ should delete a product (5 ms)
    ✓ should return 404 if product not found (2 ms)

----------|---------|----------|---------|---------|-------------------
File      | % Stmts | % Branch | % Funcs | % Lines | Uncovered Line #s 
----------|---------|----------|---------|---------|-------------------
All files |     100 |      100 |     100 |     100 |                   
 app.js   |     100 |      100 |     100 |     100 |                   
----------|---------|----------|---------|---------|-------------------
Test Suites: 1 passed, 1 total
Tests:       8 passed, 8 total
Snapshots:   0 total
Time:        0.296 s, estimated 1 s
Ran all test suites.
